[2024-03-31T07:28:53.702+0000][gc] Using G1
[2024-03-31T07:28:53.709+0000][gc,init] Version: 17.0.10+7-Ubuntu-122.04.1 (release)
[2024-03-31T07:28:53.709+0000][gc,init] CPUs: 4 total, 4 available
[2024-03-31T07:28:53.709+0000][gc,init] Memory: 15989M
[2024-03-31T07:28:53.709+0000][gc,init] Large Page Support: Disabled
[2024-03-31T07:28:53.709+0000][gc,init] NUMA Support: Disabled
[2024-03-31T07:28:53.709+0000][gc,init] Compressed Oops: Enabled (32-bit)
[2024-03-31T07:28:53.709+0000][gc,init] Heap Region Size: 1M
[2024-03-31T07:28:53.709+0000][gc,init] Heap Min Capacity: 1G
[2024-03-31T07:28:53.709+0000][gc,init] Heap Initial Capacity: 1G
[2024-03-31T07:28:53.709+0000][gc,init] Heap Max Capacity: 1G
[2024-03-31T07:28:53.709+0000][gc,init] Pre-touch: Disabled
[2024-03-31T07:28:53.709+0000][gc,init] Parallel Workers: 4
[2024-03-31T07:28:53.709+0000][gc,init] Concurrent Workers: 1
[2024-03-31T07:28:53.709+0000][gc,init] Concurrent Refinement Workers: 4
[2024-03-31T07:28:53.709+0000][gc,init] Periodic GC: Disabled
[2024-03-31T07:28:53.725+0000][gc,metaspace] CDS archive(s) mapped at: [0x00007fb163000000-0x00007fb163bc7000-0x00007fb163bc7000), size 12349440, SharedBaseAddress: 0x00007fb163000000, ArchiveRelocationMode: 1.
[2024-03-31T07:28:53.725+0000][gc,metaspace] Compressed class space mapped at: 0x00007fb164000000-0x00007fb1a4000000, reserved size: 1073741824
[2024-03-31T07:28:53.725+0000][gc,metaspace] Narrow klass base: 0x00007fb163000000, Narrow klass shift: 0, Narrow klass range: 0x100000000
[2024-03-31T07:28:54.511+0000][gc,start    ] GC(0) Pause Young (Normal) (G1 Evacuation Pause)
[2024-03-31T07:28:54.511+0000][gc,task     ] GC(0) Using 4 workers of 4 for evacuation
[2024-03-31T07:28:54.521+0000][gc,phases   ] GC(0)   Pre Evacuate Collection Set: 0.1ms
[2024-03-31T07:28:54.521+0000][gc,phases   ] GC(0)   Merge Heap Roots: 0.0ms
[2024-03-31T07:28:54.521+0000][gc,phases   ] GC(0)   Evacuate Collection Set: 9.8ms
[2024-03-31T07:28:54.521+0000][gc,phases   ] GC(0)   Post Evacuate Collection Set: 0.3ms
[2024-03-31T07:28:54.521+0000][gc,phases   ] GC(0)   Other: 0.4ms
[2024-03-31T07:28:54.521+0000][gc,heap     ] GC(0) Eden regions: 51->0(44)
[2024-03-31T07:28:54.521+0000][gc,heap     ] GC(0) Survivor regions: 0->7(7)
[2024-03-31T07:28:54.521+0000][gc,heap     ] GC(0) Old regions: 0->1
[2024-03-31T07:28:54.521+0000][gc,heap     ] GC(0) Archive regions: 2->2
[2024-03-31T07:28:54.521+0000][gc,heap     ] GC(0) Humongous regions: 0->0
[2024-03-31T07:28:54.521+0000][gc,metaspace] GC(0) Metaspace: 18342K(18560K)->18342K(18560K) NonClass: 16160K(16256K)->16160K(16256K) Class: 2182K(2304K)->2182K(2304K)
[2024-03-31T07:28:54.521+0000][gc          ] GC(0) Pause Young (Normal) (G1 Evacuation Pause) 51M->8M(1024M) 10.695ms
[2024-03-31T07:28:54.521+0000][gc,cpu      ] GC(0) User=0.02s Sys=0.01s Real=0.01s
[2024-03-31T07:28:54.750+0000][gc,start    ] GC(1) Pause Young (Concurrent Start) (Metadata GC Threshold)
[2024-03-31T07:28:54.750+0000][gc,task     ] GC(1) Using 4 workers of 4 for evacuation
[2024-03-31T07:28:54.769+0000][gc,phases   ] GC(1)   Pre Evacuate Collection Set: 0.1ms
[2024-03-31T07:28:54.769+0000][gc,phases   ] GC(1)   Merge Heap Roots: 0.1ms
[2024-03-31T07:28:54.769+0000][gc,phases   ] GC(1)   Evacuate Collection Set: 18.8ms
[2024-03-31T07:28:54.769+0000][gc,phases   ] GC(1)   Post Evacuate Collection Set: 0.3ms
[2024-03-31T07:28:54.769+0000][gc,phases   ] GC(1)   Other: 0.2ms
[2024-03-31T07:28:54.769+0000][gc,heap     ] GC(1) Eden regions: 12->0(49)
[2024-03-31T07:28:54.769+0000][gc,heap     ] GC(1) Survivor regions: 7->2(7)
[2024-03-31T07:28:54.769+0000][gc,heap     ] GC(1) Old regions: 1->8
[2024-03-31T07:28:54.769+0000][gc,heap     ] GC(1) Archive regions: 2->2
[2024-03-31T07:28:54.769+0000][gc,heap     ] GC(1) Humongous regions: 0->0
[2024-03-31T07:28:54.769+0000][gc,metaspace] GC(1) Metaspace: 21278K(21504K)->21278K(21504K) NonClass: 18710K(18880K)->18710K(18880K) Class: 2568K(2624K)->2568K(2624K)
[2024-03-31T07:28:54.769+0000][gc          ] GC(1) Pause Young (Concurrent Start) (Metadata GC Threshold) 20M->10M(1024M) 19.694ms
[2024-03-31T07:28:54.769+0000][gc,cpu      ] GC(1) User=0.03s Sys=0.02s Real=0.02s
[2024-03-31T07:28:54.770+0000][gc          ] GC(2) Concurrent Mark Cycle
[2024-03-31T07:28:54.770+0000][gc,marking  ] GC(2) Concurrent Clear Claimed Marks
[2024-03-31T07:28:54.770+0000][gc,marking  ] GC(2) Concurrent Clear Claimed Marks 0.013ms
[2024-03-31T07:28:54.770+0000][gc,marking  ] GC(2) Concurrent Scan Root Regions
[2024-03-31T07:28:54.773+0000][gc,marking  ] GC(2) Concurrent Scan Root Regions 3.102ms
[2024-03-31T07:28:54.773+0000][gc,marking  ] GC(2) Concurrent Mark
[2024-03-31T07:28:54.773+0000][gc,marking  ] GC(2) Concurrent Mark From Roots
[2024-03-31T07:28:54.773+0000][gc,task     ] GC(2) Using 1 workers of 1 for marking
[2024-03-31T07:28:54.775+0000][gc,marking  ] GC(2) Concurrent Mark From Roots 1.925ms
[2024-03-31T07:28:54.775+0000][gc,marking  ] GC(2) Concurrent Preclean
[2024-03-31T07:28:54.775+0000][gc,marking  ] GC(2) Concurrent Preclean 0.023ms
[2024-03-31T07:28:54.775+0000][gc,start    ] GC(2) Pause Remark
[2024-03-31T07:28:54.777+0000][gc          ] GC(2) Pause Remark 10M->10M(1024M) 1.341ms
[2024-03-31T07:28:54.777+0000][gc,cpu      ] GC(2) User=0.01s Sys=0.00s Real=0.00s
[2024-03-31T07:28:54.777+0000][gc,marking  ] GC(2) Concurrent Mark 4.040ms
[2024-03-31T07:28:54.777+0000][gc,marking  ] GC(2) Concurrent Rebuild Remembered Sets
[2024-03-31T07:28:54.779+0000][gc,marking  ] GC(2) Concurrent Rebuild Remembered Sets 2.401ms
[2024-03-31T07:28:54.779+0000][gc,start    ] GC(2) Pause Cleanup
[2024-03-31T07:28:54.780+0000][gc          ] GC(2) Pause Cleanup 10M->10M(1024M) 0.146ms
[2024-03-31T07:28:54.780+0000][gc,cpu      ] GC(2) User=0.00s Sys=0.00s Real=0.00s
[2024-03-31T07:28:54.780+0000][gc,marking  ] GC(2) Concurrent Cleanup for Next Mark
[2024-03-31T07:28:54.805+0000][gc,marking  ] GC(2) Concurrent Cleanup for Next Mark 25.145ms
[2024-03-31T07:28:54.805+0000][gc          ] GC(2) Concurrent Mark Cycle 35.234ms
[2024-03-31T07:28:55.511+0000][gc,start    ] GC(3) Pause Young (Normal) (GCLocker Initiated GC)
[2024-03-31T07:28:55.511+0000][gc,task     ] GC(3) Using 4 workers of 4 for evacuation
[2024-03-31T07:28:55.514+0000][gc,phases   ] GC(3)   Pre Evacuate Collection Set: 0.1ms
[2024-03-31T07:28:55.514+0000][gc,phases   ] GC(3)   Merge Heap Roots: 0.1ms
[2024-03-31T07:28:55.514+0000][gc,phases   ] GC(3)   Evacuate Collection Set: 2.5ms
[2024-03-31T07:28:55.514+0000][gc,phases   ] GC(3)   Post Evacuate Collection Set: 0.3ms
[2024-03-31T07:28:55.514+0000][gc,phases   ] GC(3)   Other: 0.1ms
[2024-03-31T07:28:55.514+0000][gc,heap     ] GC(3) Eden regions: 50->0(45)
[2024-03-31T07:28:55.514+0000][gc,heap     ] GC(3) Survivor regions: 2->6(7)
[2024-03-31T07:28:55.514+0000][gc,heap     ] GC(3) Old regions: 8->8
[2024-03-31T07:28:55.514+0000][gc,heap     ] GC(3) Archive regions: 2->2
[2024-03-31T07:28:55.514+0000][gc,heap     ] GC(3) Humongous regions: 129->129
[2024-03-31T07:28:55.514+0000][gc,metaspace] GC(3) Metaspace: 32640K(32896K)->32640K(32896K) NonClass: 29025K(29184K)->29025K(29184K) Class: 3615K(3712K)->3615K(3712K)
[2024-03-31T07:28:55.514+0000][gc          ] GC(3) Pause Young (Normal) (GCLocker Initiated GC) 188M->143M(1024M) 3.080ms
[2024-03-31T07:28:55.514+0000][gc,cpu      ] GC(3) User=0.01s Sys=0.00s Real=0.01s
[2024-03-31T07:29:24.736+0000][gc,start    ] GC(4) Pause Young (Concurrent Start) (Metadata GC Threshold)
[2024-03-31T07:29:24.736+0000][gc,task     ] GC(4) Using 4 workers of 4 for evacuation
[2024-03-31T07:29:24.740+0000][gc,phases   ] GC(4)   Pre Evacuate Collection Set: 0.2ms
[2024-03-31T07:29:24.740+0000][gc,phases   ] GC(4)   Merge Heap Roots: 0.0ms
[2024-03-31T07:29:24.740+0000][gc,phases   ] GC(4)   Evacuate Collection Set: 2.8ms
[2024-03-31T07:29:24.740+0000][gc,phases   ] GC(4)   Post Evacuate Collection Set: 0.3ms
[2024-03-31T07:29:24.740+0000][gc,phases   ] GC(4)   Other: 0.1ms
[2024-03-31T07:29:24.740+0000][gc,heap     ] GC(4) Eden regions: 15->0(49)
[2024-03-31T07:29:24.740+0000][gc,heap     ] GC(4) Survivor regions: 6->2(7)
[2024-03-31T07:29:24.740+0000][gc,heap     ] GC(4) Old regions: 8->14
[2024-03-31T07:29:24.740+0000][gc,heap     ] GC(4) Archive regions: 2->2
[2024-03-31T07:29:24.740+0000][gc,heap     ] GC(4) Humongous regions: 129->129
[2024-03-31T07:29:24.740+0000][gc,metaspace] GC(4) Metaspace: 35634K(35968K)->35634K(35968K) NonClass: 31581K(31744K)->31581K(31744K) Class: 4053K(4224K)->4053K(4224K)
[2024-03-31T07:29:24.740+0000][gc          ] GC(4) Pause Young (Concurrent Start) (Metadata GC Threshold) 158M->144M(1024M) 3.555ms
[2024-03-31T07:29:24.740+0000][gc,cpu      ] GC(4) User=0.01s Sys=0.00s Real=0.00s
[2024-03-31T07:29:24.740+0000][gc          ] GC(5) Concurrent Mark Cycle
[2024-03-31T07:29:24.740+0000][gc,marking  ] GC(5) Concurrent Clear Claimed Marks
[2024-03-31T07:29:24.740+0000][gc,marking  ] GC(5) Concurrent Clear Claimed Marks 0.020ms
[2024-03-31T07:29:24.740+0000][gc,marking  ] GC(5) Concurrent Scan Root Regions
[2024-03-31T07:29:24.746+0000][gc,marking  ] GC(5) Concurrent Scan Root Regions 5.836ms
[2024-03-31T07:29:24.746+0000][gc,marking  ] GC(5) Concurrent Mark
[2024-03-31T07:29:24.746+0000][gc,marking  ] GC(5) Concurrent Mark From Roots
[2024-03-31T07:29:24.746+0000][gc,task     ] GC(5) Using 1 workers of 1 for marking
[2024-03-31T07:29:24.751+0000][gc,marking  ] GC(5) Concurrent Mark From Roots 5.222ms
[2024-03-31T07:29:24.751+0000][gc,marking  ] GC(5) Concurrent Preclean
[2024-03-31T07:29:24.751+0000][gc,marking  ] GC(5) Concurrent Preclean 0.046ms
[2024-03-31T07:29:24.751+0000][gc,start    ] GC(5) Pause Remark
[2024-03-31T07:29:24.753+0000][gc          ] GC(5) Pause Remark 145M->145M(1024M) 1.502ms
[2024-03-31T07:29:24.753+0000][gc,cpu      ] GC(5) User=0.01s Sys=0.00s Real=0.01s
[2024-03-31T07:29:24.753+0000][gc,marking  ] GC(5) Concurrent Mark 7.095ms
[2024-03-31T07:29:24.753+0000][gc,marking  ] GC(5) Concurrent Rebuild Remembered Sets
[2024-03-31T07:29:24.758+0000][gc,marking  ] GC(5) Concurrent Rebuild Remembered Sets 4.942ms
[2024-03-31T07:29:24.758+0000][gc,start    ] GC(5) Pause Cleanup
[2024-03-31T07:29:24.758+0000][gc          ] GC(5) Pause Cleanup 145M->145M(1024M) 0.191ms
[2024-03-31T07:29:24.758+0000][gc,cpu      ] GC(5) User=0.00s Sys=0.00s Real=0.00s
[2024-03-31T07:29:24.758+0000][gc,marking  ] GC(5) Concurrent Cleanup for Next Mark
[2024-03-31T07:29:24.779+0000][gc,marking  ] GC(5) Concurrent Cleanup for Next Mark 21.143ms
[2024-03-31T07:29:24.779+0000][gc          ] GC(5) Concurrent Mark Cycle 39.556ms
[2024-03-31T07:38:02.642+0000][gc,start    ] GC(6) Pause Young (Normal) (G1 Evacuation Pause)
[2024-03-31T07:38:02.642+0000][gc,task     ] GC(6) Using 4 workers of 4 for evacuation
[2024-03-31T07:38:02.647+0000][gc,phases   ] GC(6)   Pre Evacuate Collection Set: 0.2ms
[2024-03-31T07:38:02.647+0000][gc,phases   ] GC(6)   Merge Heap Roots: 0.1ms
[2024-03-31T07:38:02.647+0000][gc,phases   ] GC(6)   Evacuate Collection Set: 4.1ms
[2024-03-31T07:38:02.647+0000][gc,phases   ] GC(6)   Post Evacuate Collection Set: 0.7ms
[2024-03-31T07:38:02.647+0000][gc,phases   ] GC(6)   Other: 0.1ms
[2024-03-31T07:38:02.647+0000][gc,heap     ] GC(6) Eden regions: 49->0(47)
[2024-03-31T07:38:02.647+0000][gc,heap     ] GC(6) Survivor regions: 2->4(7)
[2024-03-31T07:38:02.647+0000][gc,heap     ] GC(6) Old regions: 14->14
[2024-03-31T07:38:02.647+0000][gc,heap     ] GC(6) Archive regions: 2->2
[2024-03-31T07:38:02.647+0000][gc,heap     ] GC(6) Humongous regions: 129->129
[2024-03-31T07:38:02.647+0000][gc,metaspace] GC(6) Metaspace: 41492K(42048K)->41492K(42048K) NonClass: 36461K(36800K)->36461K(36800K) Class: 5030K(5248K)->5030K(5248K)
[2024-03-31T07:38:02.647+0000][gc          ] GC(6) Pause Young (Normal) (G1 Evacuation Pause) 193M->147M(1024M) 5.392ms
[2024-03-31T07:38:02.647+0000][gc,cpu      ] GC(6) User=0.01s Sys=0.00s Real=0.01s
[2024-03-31T07:46:20.742+0000][gc,start    ] GC(7) Pause Young (Normal) (G1 Evacuation Pause)
[2024-03-31T07:46:20.742+0000][gc,task     ] GC(7) Using 4 workers of 4 for evacuation
[2024-03-31T07:46:20.746+0000][gc,phases   ] GC(7)   Pre Evacuate Collection Set: 0.2ms
[2024-03-31T07:46:20.746+0000][gc,phases   ] GC(7)   Merge Heap Roots: 0.1ms
[2024-03-31T07:46:20.746+0000][gc,phases   ] GC(7)   Evacuate Collection Set: 2.8ms
[2024-03-31T07:46:20.746+0000][gc,phases   ] GC(7)   Post Evacuate Collection Set: 0.5ms
[2024-03-31T07:46:20.746+0000][gc,phases   ] GC(7)   Other: 0.1ms
[2024-03-31T07:46:20.746+0000][gc,heap     ] GC(7) Eden regions: 47->0(46)
[2024-03-31T07:46:20.746+0000][gc,heap     ] GC(7) Survivor regions: 4->5(7)
[2024-03-31T07:46:20.746+0000][gc,heap     ] GC(7) Old regions: 14->15
[2024-03-31T07:46:20.746+0000][gc,heap     ] GC(7) Archive regions: 2->2
[2024-03-31T07:46:20.746+0000][gc,heap     ] GC(7) Humongous regions: 129->129
[2024-03-31T07:46:20.746+0000][gc,metaspace] GC(7) Metaspace: 42451K(43072K)->42451K(43072K) NonClass: 37398K(37760K)->37398K(37760K) Class: 5053K(5312K)->5053K(5312K)
[2024-03-31T07:46:20.746+0000][gc          ] GC(7) Pause Young (Normal) (G1 Evacuation Pause) 194M->148M(1024M) 3.775ms
[2024-03-31T07:46:20.746+0000][gc,cpu      ] GC(7) User=0.01s Sys=0.00s Real=0.01s
[2024-03-31T07:55:04.986+0000][gc,start    ] GC(8) Pause Young (Normal) (G1 Evacuation Pause)
[2024-03-31T07:55:04.986+0000][gc,task     ] GC(8) Using 4 workers of 4 for evacuation
[2024-03-31T07:55:04.993+0000][gc,phases   ] GC(8)   Pre Evacuate Collection Set: 0.3ms
[2024-03-31T07:55:04.993+0000][gc,phases   ] GC(8)   Merge Heap Roots: 0.2ms
[2024-03-31T07:55:04.993+0000][gc,phases   ] GC(8)   Evacuate Collection Set: 6.2ms
[2024-03-31T07:55:04.993+0000][gc,phases   ] GC(8)   Post Evacuate Collection Set: 0.3ms
[2024-03-31T07:55:04.993+0000][gc,phases   ] GC(8)   Other: 0.2ms
[2024-03-31T07:55:04.993+0000][gc,heap     ] GC(8) Eden regions: 46->0(49)
[2024-03-31T07:55:04.993+0000][gc,heap     ] GC(8) Survivor regions: 5->2(7)
[2024-03-31T07:55:04.993+0000][gc,heap     ] GC(8) Old regions: 15->18
[2024-03-31T07:55:04.993+0000][gc,heap     ] GC(8) Archive regions: 2->2
[2024-03-31T07:55:04.993+0000][gc,heap     ] GC(8) Humongous regions: 129->129
[2024-03-31T07:55:04.993+0000][gc,metaspace] GC(8) Metaspace: 42543K(43072K)->42543K(43072K) NonClass: 37490K(37760K)->37490K(37760K) Class: 5053K(5312K)->5053K(5312K)
[2024-03-31T07:55:04.993+0000][gc          ] GC(8) Pause Young (Normal) (G1 Evacuation Pause) 194M->149M(1024M) 7.297ms
[2024-03-31T07:55:04.993+0000][gc,cpu      ] GC(8) User=0.02s Sys=0.00s Real=0.01s
[2024-03-31T08:05:03.486+0000][gc,start    ] GC(9) Pause Young (Normal) (G1 Evacuation Pause)
[2024-03-31T08:05:03.486+0000][gc,task     ] GC(9) Using 4 workers of 4 for evacuation
[2024-03-31T08:05:03.488+0000][gc,phases   ] GC(9)   Pre Evacuate Collection Set: 0.2ms
[2024-03-31T08:05:03.488+0000][gc,phases   ] GC(9)   Merge Heap Roots: 0.1ms
[2024-03-31T08:05:03.488+0000][gc,phases   ] GC(9)   Evacuate Collection Set: 1.6ms
[2024-03-31T08:05:03.488+0000][gc,phases   ] GC(9)   Post Evacuate Collection Set: 0.4ms
[2024-03-31T08:05:03.488+0000][gc,phases   ] GC(9)   Other: 0.1ms
[2024-03-31T08:05:03.488+0000][gc,heap     ] GC(9) Eden regions: 49->0(48)
[2024-03-31T08:05:03.488+0000][gc,heap     ] GC(9) Survivor regions: 2->3(7)
[2024-03-31T08:05:03.488+0000][gc,heap     ] GC(9) Old regions: 18->18
[2024-03-31T08:05:03.488+0000][gc,heap     ] GC(9) Archive regions: 2->2
[2024-03-31T08:05:03.488+0000][gc,heap     ] GC(9) Humongous regions: 129->129
[2024-03-31T08:05:03.488+0000][gc,metaspace] GC(9) Metaspace: 42601K(43200K)->42601K(43200K) NonClass: 37548K(37888K)->37548K(37888K) Class: 5053K(5312K)->5053K(5312K)
[2024-03-31T08:05:03.488+0000][gc          ] GC(9) Pause Young (Normal) (G1 Evacuation Pause) 198M->149M(1024M) 2.435ms
[2024-03-31T08:05:03.488+0000][gc,cpu      ] GC(9) User=0.01s Sys=0.00s Real=0.00s
