[2024-03-31T07:27:02.936+0000][gc] Using G1
[2024-03-31T07:27:02.939+0000][gc,init] Version: 17.0.10+7-Ubuntu-122.04.1 (release)
[2024-03-31T07:27:02.939+0000][gc,init] CPUs: 4 total, 4 available
[2024-03-31T07:27:02.939+0000][gc,init] Memory: 15989M
[2024-03-31T07:27:02.939+0000][gc,init] Large Page Support: Disabled
[2024-03-31T07:27:02.939+0000][gc,init] NUMA Support: Disabled
[2024-03-31T07:27:02.939+0000][gc,init] Compressed Oops: Enabled (32-bit)
[2024-03-31T07:27:02.940+0000][gc,init] Heap Region Size: 1M
[2024-03-31T07:27:02.940+0000][gc,init] Heap Min Capacity: 512M
[2024-03-31T07:27:02.940+0000][gc,init] Heap Initial Capacity: 512M
[2024-03-31T07:27:02.940+0000][gc,init] Heap Max Capacity: 512M
[2024-03-31T07:27:02.940+0000][gc,init] Pre-touch: Disabled
[2024-03-31T07:27:02.940+0000][gc,init] Parallel Workers: 4
[2024-03-31T07:27:02.941+0000][gc,init] Concurrent Workers: 1
[2024-03-31T07:27:02.941+0000][gc,init] Concurrent Refinement Workers: 4
[2024-03-31T07:27:02.941+0000][gc,init] Periodic GC: Disabled
[2024-03-31T07:27:02.945+0000][gc,metaspace] CDS archive(s) mapped at: [0x00007f06f3000000-0x00007f06f3bc7000-0x00007f06f3bc7000), size 12349440, SharedBaseAddress: 0x00007f06f3000000, ArchiveRelocationMode: 1.
[2024-03-31T07:27:02.945+0000][gc,metaspace] Compressed class space mapped at: 0x00007f06f4000000-0x00007f0734000000, reserved size: 1073741824
[2024-03-31T07:27:02.946+0000][gc,metaspace] Narrow klass base: 0x00007f06f3000000, Narrow klass shift: 0, Narrow klass range: 0x100000000
[2024-03-31T07:28:54.371+0000][gc,start    ] GC(0) Pause Young (Normal) (G1 Evacuation Pause)
[2024-03-31T07:28:54.371+0000][gc,task     ] GC(0) Using 4 workers of 4 for evacuation
[2024-03-31T07:28:54.380+0000][gc,phases   ] GC(0)   Pre Evacuate Collection Set: 0.1ms
[2024-03-31T07:28:54.380+0000][gc,phases   ] GC(0)   Merge Heap Roots: 0.1ms
[2024-03-31T07:28:54.380+0000][gc,phases   ] GC(0)   Evacuate Collection Set: 7.9ms
[2024-03-31T07:28:54.380+0000][gc,phases   ] GC(0)   Post Evacuate Collection Set: 0.9ms
[2024-03-31T07:28:54.380+0000][gc,phases   ] GC(0)   Other: 0.4ms
[2024-03-31T07:28:54.380+0000][gc,heap     ] GC(0) Eden regions: 25->0(21)
[2024-03-31T07:28:54.380+0000][gc,heap     ] GC(0) Survivor regions: 0->4(4)
[2024-03-31T07:28:54.380+0000][gc,heap     ] GC(0) Old regions: 0->4
[2024-03-31T07:28:54.380+0000][gc,heap     ] GC(0) Archive regions: 2->2
[2024-03-31T07:28:54.380+0000][gc,heap     ] GC(0) Humongous regions: 0->0
[2024-03-31T07:28:54.380+0000][gc,metaspace] GC(0) Metaspace: 8004K(8192K)->8004K(8192K) NonClass: 7095K(7168K)->7095K(7168K) Class: 909K(1024K)->909K(1024K)
[2024-03-31T07:28:54.380+0000][gc          ] GC(0) Pause Young (Normal) (G1 Evacuation Pause) 25M->8M(512M) 9.590ms
[2024-03-31T07:28:54.381+0000][gc,cpu      ] GC(0) User=0.01s Sys=0.00s Real=0.01s
